// Jest Snapshot v1, https://goo.gl/fbAQLP

exports[`MessageForm component renders without crashing 1`] = `
<form
  className="portal__message-form"
  onSubmit={[Function]}
>
  <label
    htmlFor="author"
  >
    Name
    <input
      id="author"
      name="author"
      type="text"
    />
  </label>
  <label
    htmlFor="content"
  >
    Message
    <textarea
      id="content"
      name="content"
      onKeyPress={[Function]}
      required={true}
    />
  </label>
  <button
    type="submit"
  >
    Submit
  </button>
</form>
`;
